0: W0524 01:34:44.109000 250870 torch/distributed/run.py:852] 
0: W0524 01:34:44.109000 250870 torch/distributed/run.py:852] *****************************************
0: W0524 01:34:44.109000 250870 torch/distributed/run.py:852] Setting OMP_NUM_THREADS environment variable for each process to be 1 in default, to avoid your system being overloaded, please further tune the variable for optimal performance in your application as needed. 
0: W0524 01:34:44.109000 250870 torch/distributed/run.py:852] *****************************************
3: W0524 01:34:45.423000 120775 torch/distributed/run.py:852] 
3: W0524 01:34:45.423000 120775 torch/distributed/run.py:852] *****************************************
3: W0524 01:34:45.423000 120775 torch/distributed/run.py:852] Setting OMP_NUM_THREADS environment variable for each process to be 1 in default, to avoid your system being overloaded, please further tune the variable for optimal performance in your application as needed. 
3: W0524 01:34:45.423000 120775 torch/distributed/run.py:852] *****************************************
2: W0524 01:34:46.059000 144259 torch/distributed/run.py:852] 
2: W0524 01:34:46.059000 144259 torch/distributed/run.py:852] *****************************************
2: W0524 01:34:46.059000 144259 torch/distributed/run.py:852] Setting OMP_NUM_THREADS environment variable for each process to be 1 in default, to avoid your system being overloaded, please further tune the variable for optimal performance in your application as needed. 
2: W0524 01:34:46.059000 144259 torch/distributed/run.py:852] *****************************************
1: W0524 01:34:46.302000 210427 torch/distributed/run.py:852] 
1: W0524 01:34:46.302000 210427 torch/distributed/run.py:852] *****************************************
1: W0524 01:34:46.302000 210427 torch/distributed/run.py:852] Setting OMP_NUM_THREADS environment variable for each process to be 1 in default, to avoid your system being overloaded, please further tune the variable for optimal performance in your application as needed. 
1: W0524 01:34:46.302000 210427 torch/distributed/run.py:852] *****************************************
0: [default0]:[W524 01:34:52.886823630 ProcessGroupNCCL.cpp:941] Warning: TORCH_NCCL_AVOID_RECORD_STREAMS is the default now, this environment variable is thus deprecated. (function operator())
0: [default1]:[W524 01:34:52.921580563 ProcessGroupNCCL.cpp:941] Warning: TORCH_NCCL_AVOID_RECORD_STREAMS is the default now, this environment variable is thus deprecated. (function operator())
0: [default2]:[W524 01:34:52.887579000 ProcessGroupNCCL.cpp:941] Warning: TORCH_NCCL_AVOID_RECORD_STREAMS is the default now, this environment variable is thus deprecated. (function operator())
0: [default3]:[W524 01:34:52.897144832 ProcessGroupNCCL.cpp:941] Warning: TORCH_NCCL_AVOID_RECORD_STREAMS is the default now, this environment variable is thus deprecated. (function operator())
3: [default3]:[W524 01:34:52.374456524 ProcessGroupNCCL.cpp:941] Warning: TORCH_NCCL_AVOID_RECORD_STREAMS is the default now, this environment variable is thus deprecated. (function operator())
1: [default0]:[W524 01:34:52.231375320 ProcessGroupNCCL.cpp:941] Warning: TORCH_NCCL_AVOID_RECORD_STREAMS is the default now, this environment variable is thus deprecated. (function operator())
1: [default2]:[W524 01:34:52.217909236 ProcessGroupNCCL.cpp:941] Warning: TORCH_NCCL_AVOID_RECORD_STREAMS is the default now, this environment variable is thus deprecated. (function operator())
3: [default0]:[W524 01:34:52.590732480 ProcessGroupNCCL.cpp:941] Warning: TORCH_NCCL_AVOID_RECORD_STREAMS is the default now, this environment variable is thus deprecated. (function operator())
1: [default3]:[W524 01:34:52.384992937 ProcessGroupNCCL.cpp:941] Warning: TORCH_NCCL_AVOID_RECORD_STREAMS is the default now, this environment variable is thus deprecated. (function operator())
3: [default1]:[W524 01:34:52.590856221 ProcessGroupNCCL.cpp:941] Warning: TORCH_NCCL_AVOID_RECORD_STREAMS is the default now, this environment variable is thus deprecated. (function operator())
3: [default2]:[W524 01:34:52.593144670 ProcessGroupNCCL.cpp:941] Warning: TORCH_NCCL_AVOID_RECORD_STREAMS is the default now, this environment variable is thus deprecated. (function operator())
2: [default0]:[W524 01:34:52.234840273 ProcessGroupNCCL.cpp:941] Warning: TORCH_NCCL_AVOID_RECORD_STREAMS is the default now, this environment variable is thus deprecated. (function operator())
1: [default1]:[W524 01:34:52.531513795 ProcessGroupNCCL.cpp:941] Warning: TORCH_NCCL_AVOID_RECORD_STREAMS is the default now, this environment variable is thus deprecated. (function operator())
2: [default1]:[W524 01:34:53.470677294 ProcessGroupNCCL.cpp:941] Warning: TORCH_NCCL_AVOID_RECORD_STREAMS is the default now, this environment variable is thus deprecated. (function operator())
2: [default2]:[W524 01:34:53.434915817 ProcessGroupNCCL.cpp:941] Warning: TORCH_NCCL_AVOID_RECORD_STREAMS is the default now, this environment variable is thus deprecated. (function operator())
0: [default0]:Nodes: 4
0: [default0]:GPUs: 16
0: [default0]:Device: NVIDIA GH200 120GB
0: [default0]:PyTorch: 2.10.0a0+a36e1d39eb.nv26.01.42222806
0: [default0]:NCCL: (2, 29, 2)
0: [default0]:/usr/local/lib/python3.12/dist-packages/torch/distributed/c10d_logger.py:83: UserWarning: barrier(): using the device under current context. You can specify `device_id` in `init_process_group` to mute this warning.
0: [default0]:  return func(*args, **kwargs)
0: [default0]:[rank0]:[W524 01:34:53.695870922 ProcessGroupNCCL.cpp:5163] Guessing device ID based on global rank. This can cause a hang if rank to GPU mapping is heterogeneous. You can specify device_id in init_process_group()
2: [default3]:[W524 01:34:53.728524624 ProcessGroupNCCL.cpp:941] Warning: TORCH_NCCL_AVOID_RECORD_STREAMS is the default now, this environment variable is thus deprecated. (function operator())
3: [default0]:[rank12]:[W524 01:34:53.228651753 ProcessGroupNCCL.cpp:5163] Guessing device ID based on global rank. This can cause a hang if rank to GPU mapping is heterogeneous. You can specify device_id in init_process_group()
1: [default0]:[rank4]:[W524 01:34:53.065878204 ProcessGroupNCCL.cpp:5163] Guessing device ID based on global rank. This can cause a hang if rank to GPU mapping is heterogeneous. You can specify device_id in init_process_group()
2: [default0]:[rank8]:[W524 01:34:53.047032934 ProcessGroupNCCL.cpp:5163] Guessing device ID based on global rank. This can cause a hang if rank to GPU mapping is heterogeneous. You can specify device_id in init_process_group()
0: [default0]:
0: [default0]:--- Intra-node (4 GPUs) ---
0: [default0]:        Size   Latency (ms)    Bus BW (GB/s)
0: [default0]:      128 MB            0.6            311.7
0: [default0]:      256 MB            1.2            328.3
0: [default0]:      512 MB            2.4            335.1
0: [default0]:        1 GB            4.8            338.5
0: [default0]:        2 GB            9.4            340.9
0: [default0]:        4 GB           19.0            339.7
0: [default0]:        8 GB           37.9            340.2
0: [default0]:       16 GB           75.8            339.9
0: [default0]:
0: [default0]:--- Inter-node (16 GPUs, 4 nodes) ---
0: [default0]:        Size   Latency (ms)    Bus BW (GB/s)
0: [default0]:      128 MB            3.4             74.0
0: [default0]:      256 MB            6.9             72.7
0: [default0]:      512 MB           13.8             73.0
0: [default0]:        1 GB           27.7             72.7
0: [default0]:        2 GB           55.5             72.5
0: [default0]:        4 GB          111.3             72.4
0: [default0]:        8 GB          222.7             72.3
0: [default0]:       16 GB          445.5             72.3
0: [default0]:
0: [default0]:Infra test passed.
3: [W524 01:35:01.621500997 TCPStore.cpp:115] [c10d] recvVector failed on SocketImpl(fd=45, addr=[nid007613-hsn3]:60402, remote=[nid007058]:25678): Failed to recv, got 0 bytes. Connection was likely closed. Did the remote server shutdown or crash?
3: Exception raised from recvBytes at /opt/pytorch/pytorch/torch/csrc/distributed/c10d/Utils.hpp:682 (most recent call first):
3: frame #0: c10::Error::Error(c10::SourceLocation, std::__cxx11::basic_string<char, std::char_traits<char>, std::allocator<char> >) + 0xd4 (0x40015f5e3a04 in /usr/local/lib/python3.12/dist-packages/torch/lib/libc10.so)
3: frame #1: <unknown function> + 0x6475104 (0x40016a075104 in /usr/local/lib/python3.12/dist-packages/torch/lib/libtorch_cpu.so)
3: frame #2: <unknown function> + 0x6478850 (0x40016a078850 in /usr/local/lib/python3.12/dist-packages/torch/lib/libtorch_cpu.so)
3: frame #3: c10d::TCPStore::compareSet(std::__cxx11::basic_string<char, std::char_traits<char>, std::allocator<char> > const&, std::vector<unsigned char, std::allocator<unsigned char> > 
3: const&, std::vector<unsigned char, std::allocator<unsigned char> > const&) + 0x114 (0x40016a079604 in /usr/local/lib/python3.12/dist-packages/torch/lib/libtorch_cpu.so)
3: frame #4: <unknown function> + 0x123fc88 (0x40015ee9fc88 in /usr/local/lib/python3.12/dist-packages/torch/lib/libtorch_python.so)
3: frame #5: <unknown function> + 0x5cb9f8 (0x40015e22b9f8 in /usr/local/lib/python3.12/dist-packages/torch/lib/libtorch_python.so)
3: frame #6: /usr/bin/python() [0x503884]
3: frame #7: _PyObject_MakeTpCall + 0x78 (0x4c2e78 in /usr/bin/python)
3: frame #8: /usr/bin/python() [0x4c715c]
3: frame #9: _PyEval_EvalFrameDefault + 0x3cf8 (0x56832c in /usr/bin/python)
3: frame #10: _PyObject_Call_Prepend + 0xc4 (0x4c4954 in /usr/bin/python)
3: frame #11: /usr/bin/python() [0x528f50]
3: frame #12: PyObject_Call + 0x6c (0x4c535c in /usr/bin/python)
3: frame #13: _PyEval_EvalFrameDefault + 0x3cf8 (0x56832c in /usr/bin/python)
3: frame #14: PyEval_EvalCode + 0x130 (0x563224 in /usr/bin/python)
3: frame #15: /usr/bin/python() [0x59c144]
3: frame #16: /usr/bin/pyt
3: hon() [0x680e34]
3: frame #17: _PyRun_SimpleFileObject + 0x194 (0x680a08 in /usr/bin/python)
3: frame #18: _PyRun_AnyFileObject + 0x54 (0x6807d4 in /usr/bin/python)
3: frame #19: Py_RunMain + 0x2dc (0x68b7dc in /usr/bin/python)
3: frame #20: Py_BytesMain + 0x28 (0x68b398 in /usr/bin/python)
3: frame #21: <unknown function> + 0x284c4 (0x40015af384c4 in /usr/lib/aarch64-linux-gnu/libc.so.6)
3: frame #22: __libc_start_main + 0x98 (0x40015af38598 in /usr/lib/aarch64-linux-gnu/libc.so.6)
3: frame #23: _start + 0x30 (0x5f6bb0 in /usr/bin/python)
3: 
3: W0524 01:35:01.851000 120775 torch/distributed/elastic/rendezvous/dynamic_rendezvous.py:1293] The node 'nid007613_120775_0' has failed to shutdown the rendezvous 'none' due to an error of type RendezvousConnectionError.
